// Jest Snapshot v1, https://goo.gl/fbAQLP

exports[`ZeldaContainer renders a list of Breath of the Wild creatures 1`] = `
<li
  aria-label="cucco"
>
  <a
    href="/47"
  >
    <div
      aria-label="creature"
    >
      <h1>
        cucco
      </h1>
      <img
        alt="cucco"
        class="animal"
        src="https://botw-compendium.herokuapp.com/api/v2/entry/cucco/image"
      />
      <p
        class="desc"
      />
    </div>
  </a>
</li>
`;
